// Jest Snapshot v1, https://goo.gl/fbAQLP

exports[`MoveDelete should render 1`] = `
<div
  className="tribe-editor__ticket__content-row--move-delete"
>
  <button
    className="tribe-editor__button"
    disabled={false}
    onClick={[MockFunction]}
    type="button"
  >
    Move Ticket
  </button>
  <button
    className="tribe-editor__button"
    disabled={false}
    onClick={[MockFunction]}
    type="button"
  >
    Remove Ticket
  </button>
</div>
`;
