// Jest Snapshot v1, https://goo.gl/fbAQLP

exports[`Disabled Tickets renders the component as rsvp layout 1`] = `
<section
  className="tribe-editor__inactive-block tribe-editor__inactive-block--rsvp"
>
  <div
    className="tribe-editor__inactive-block__icon"
  />
</section>
`;

exports[`Disabled Tickets renders the component as ticket layout 1`] = `
<section
  className="tribe-editor__inactive-block tribe-editor__inactive-block--ticket"
>
  <div
    className="tribe-editor__inactive-block__icon"
  />
</section>
`;

exports[`Disabled Tickets renders the component with a custom icon 1`] = `
<section
  className="tribe-editor__inactive-block tribe-editor__inactive-block--rsvp"
>
  <div
    className="tribe-editor__inactive-block__icon"
  >
    <span>
      Icon Placeholder
    </span>
  </div>
</section>
`;

exports[`Disabled Tickets renders the component with classes 1`] = `
<section
  className="tribe-editor__inactive-block tribe-editor__inactive-block--rsvp custom-class"
>
  <div
    className="tribe-editor__inactive-block__icon"
  />
</section>
`;

exports[`Disabled Tickets renders the component with description 1`] = `
<section
  className="tribe-editor__inactive-block tribe-editor__inactive-block--rsvp"
>
  <div
    className="tribe-editor__inactive-block__icon"
  />
  <div
    className="tribe-editor__inactive-block__content"
  >
    <p
      className="tribe-editor__inactive-block__description"
    >
      Custom Description
    </p>
  </div>
</section>
`;

exports[`Disabled Tickets renders the component with title 1`] = `
<section
  className="tribe-editor__inactive-block tribe-editor__inactive-block--rsvp"
>
  <div
    className="tribe-editor__inactive-block__icon"
  />
  <div
    className="tribe-editor__inactive-block__content"
  >
    <h2
      className="tribe-editor__inactive-block__title"
    >
      Custom Title
    </h2>
  </div>
</section>
`;
