// Jest Snapshot v1, https://goo.gl/fbAQLP

exports[`Settings Dashboard Element renders settings dashboard 1`] = `
<div
  className="tribe-editor__settings-dashboard"
>
  <header
    className="tribe-editor__settings-dashboard__header"
  >
    <span
      className="tribe-editor__settings-dashboard__header-left"
    >
      <span>
        Cog Icon
      </span>
      <span
        className="tribe-editor__settings-dashboard__header-left-text"
      >
        Settings
      </span>
    </span>
    <button
      className="tribe-editor__button tribe-editor__settings-dashboard__close-button"
      onClick={[Function]}
      type="button"
    >
      <span>
        Close Icon
      </span>
      <span
        className="tribe-editor__settings-dashboard__close-button-text"
      >
        close
      </span>
    </button>
  </header>
  <div
    className="tribe-editor__settings-dashboard__content"
  />
</div>
`;

exports[`Settings Dashboard Element renders settings dashboard with class 1`] = `
<div
  className="tribe-editor__settings-dashboard test-class"
>
  <header
    className="tribe-editor__settings-dashboard__header"
  >
    <span
      className="tribe-editor__settings-dashboard__header-left"
    >
      <span>
        Cog Icon
      </span>
      <span
        className="tribe-editor__settings-dashboard__header-left-text"
      >
        Settings
      </span>
    </span>
    <button
      className="tribe-editor__button tribe-editor__settings-dashboard__close-button"
      onClick={[Function]}
      type="button"
    >
      <span>
        Close Icon
      </span>
      <span
        className="tribe-editor__settings-dashboard__close-button-text"
      >
        close
      </span>
    </button>
  </header>
  <div
    className="tribe-editor__settings-dashboard__content"
  />
</div>
`;

exports[`Settings Dashboard Element renders settings dashboard with close button disabled 1`] = `
<div
  className="tribe-editor__settings-dashboard"
>
  <header
    className="tribe-editor__settings-dashboard__header"
  >
    <span
      className="tribe-editor__settings-dashboard__header-left"
    >
      <span>
        Cog Icon
      </span>
      <span
        className="tribe-editor__settings-dashboard__header-left-text"
      >
        Settings
      </span>
    </span>
    <button
      className="tribe-editor__button tribe-editor__settings-dashboard__close-button"
      disabled={true}
      onClick={[Function]}
      type="button"
    >
      <span>
        Close Icon
      </span>
      <span
        className="tribe-editor__settings-dashboard__close-button-text"
      >
        close
      </span>
    </button>
  </header>
  <div
    className="tribe-editor__settings-dashboard__content"
  />
</div>
`;

exports[`Settings Dashboard Element renders settings dashboard with close button label 1`] = `
<div
  className="tribe-editor__settings-dashboard"
>
  <header
    className="tribe-editor__settings-dashboard__header"
  >
    <span
      className="tribe-editor__settings-dashboard__header-left"
    >
      <span>
        Cog Icon
      </span>
      <span
        className="tribe-editor__settings-dashboard__header-left-text"
      >
        Settings
      </span>
    </span>
    <button
      className="tribe-editor__button tribe-editor__settings-dashboard__close-button"
      onClick={[Function]}
      type="button"
    >
      <span>
        Close Button Label
      </span>
    </button>
  </header>
  <div
    className="tribe-editor__settings-dashboard__content"
  />
</div>
`;

exports[`Settings Dashboard Element renders settings dashboard with close click handler 1`] = `
<div
  className="tribe-editor__settings-dashboard"
>
  <header
    className="tribe-editor__settings-dashboard__header"
  >
    <span
      className="tribe-editor__settings-dashboard__header-left"
    >
      <span>
        Cog Icon
      </span>
      <span
        className="tribe-editor__settings-dashboard__header-left-text"
      >
        Settings
      </span>
    </span>
    <button
      className="tribe-editor__button tribe-editor__settings-dashboard__close-button"
      onClick={[MockFunction]}
      type="button"
    >
      <span>
        Close Icon
      </span>
      <span
        className="tribe-editor__settings-dashboard__close-button-text"
      >
        close
      </span>
    </button>
  </header>
  <div
    className="tribe-editor__settings-dashboard__content"
  />
</div>
`;

exports[`Settings Dashboard Element renders settings dashboard with content 1`] = `
<div
  className="tribe-editor__settings-dashboard"
>
  <header
    className="tribe-editor__settings-dashboard__header"
  >
    <span
      className="tribe-editor__settings-dashboard__header-left"
    >
      <span>
        Cog Icon
      </span>
      <span
        className="tribe-editor__settings-dashboard__header-left-text"
      >
        Settings
      </span>
    </span>
    <button
      className="tribe-editor__button tribe-editor__settings-dashboard__close-button"
      onClick={[Function]}
      type="button"
    >
      <span>
        Close Icon
      </span>
      <span
        className="tribe-editor__settings-dashboard__close-button-text"
      >
        close
      </span>
    </button>
  </header>
  <div
    className="tribe-editor__settings-dashboard__content"
  >
    <span>
      Content
    </span>
  </div>
</div>
`;

exports[`Settings Dashboard Element renders settings dashboard with header left 1`] = `
<div
  className="tribe-editor__settings-dashboard"
>
  <header
    className="tribe-editor__settings-dashboard__header"
  >
    <span
      className="tribe-editor__settings-dashboard__header-left"
    >
      <span>
        Header Left
      </span>
    </span>
    <button
      className="tribe-editor__button tribe-editor__settings-dashboard__close-button"
      onClick={[Function]}
      type="button"
    >
      <span>
        Close Icon
      </span>
      <span
        className="tribe-editor__settings-dashboard__close-button-text"
      >
        close
      </span>
    </button>
  </header>
  <div
    className="tribe-editor__settings-dashboard__content"
  />
</div>
`;
