// Jest Snapshot v1, https://goo.gl/fbAQLP

exports[`Container Panel Element renders container panel in rsvp layout 1`] = `
<div
  className="tribe-editor__container-panel tribe-editor__container-panel--rsvp"
>
  <div
    className="tribe-editor__container-panel__icon"
  />
  <div
    className="tribe-editor__container-panel__header-content-wrapper"
  >
    <div
      className="tribe-editor__container-panel__header"
    />
  </div>
</div>
`;

exports[`Container Panel Element renders container panel in ticket layout 1`] = `
<div
  className="tribe-editor__container-panel tribe-editor__container-panel--ticket"
>
  <div
    className="tribe-editor__container-panel__icon"
  />
  <div
    className="tribe-editor__container-panel__header"
  />
</div>
`;

exports[`Container Panel Element renders container panel with classes 1`] = `
<div
  className="tribe-editor__container-panel tribe-editor__container-panel--rsvp test-class-name"
>
  <div
    className="tribe-editor__container-panel__icon"
  />
  <div
    className="tribe-editor__container-panel__header-content-wrapper"
  >
    <div
      className="tribe-editor__container-panel__header"
    />
  </div>
</div>
`;

exports[`Container Panel Element renders container panel with icon, header, and content 1`] = `
<div
  className="tribe-editor__container-panel tribe-editor__container-panel--rsvp"
>
  <div
    className="tribe-editor__container-panel__icon"
  >
    icon
  </div>
  <div
    className="tribe-editor__container-panel__header-content-wrapper"
  >
    <div
      className="tribe-editor__container-panel__header"
    >
      header
    </div>
    <div
      className="tribe-editor__container-panel__content"
    >
      content
    </div>
  </div>
</div>
`;
