// Jest Snapshot v1, https://goo.gl/fbAQLP

exports[`WarningButton component rendered 1`] = `
<button
  className="tribe-editor__button tribe-editor__warning-button"
  onClick={[Function]}
  type="button"
>
  <span
    className="tribe-editor__warning-button-icon"
  >
    no
  </span>
  <span
    className="tribe-editor__warning-button-text"
  >
    Warning
  </span>
</button>
`;
