// Jest Snapshot v1, https://goo.gl/fbAQLP

exports[`IACSetting Render the component with no errors 1`] = `
<div>
  <div
    className="tribe-editor__ticket__content-row--iac-setting-description"
  >
    Select the default way to sell your tickets. Individual Attendee Collection gives you the control to allow purchasers to enter a name and email for each ticket, which you can also require as unique.
  </div>
  <div
    className="tribe-editor__ticket__iac-setting tribe-editor__ticket__content-row tribe-editor__ticket__content-row--iac-setting"
  >
    <input
      type="radio"
      value=""
    />
  </div>
</div>
`;
